// Jest Snapshot v1, https://goo.gl/fbAQLP

exports[`Matches shallow shapshot 1`] = `
<div
  className="src-shared-components-TopcoderFooter-___style__footer___28yQ6"
  role="contentinfo"
>
  <div
    className="src-shared-components-TopcoderFooter-___style__footer-wrap___39_Lp"
  >
    <div
      className="src-shared-components-TopcoderFooter-___style__logo-wrap___3bzfK"
    >
      <svg
        height="30"
        viewBox="0 0 79 30"
        width="79"
        xmlns="http://www.w3.org/2000/svg"
      >
        <path
          d="M.279 13.463c1.372-4.195 8.079-5.254 17.937-3.414C13.718 15.646 9.268 25.042 8.774 30c-1.066-.174-2.022-.762-2.87-1.86C1.317 22.194-.806 16.78.279 13.462zm58.77-3.086c.314.378.637.803.968 1.275 1.374 1.958 2.844 4.651 4.36 7.888a133.068 133.068 0 0 1 3.388 7.965c.347.89.661 1.72.939 2.472a7.942 7.942 0 0 1-1.858-.582c-.717-.317-1.257-.633-1.936-1.083-12.065-7.987-12.841-8.475-17.013-10.33-1.997-.889-3.939-1.557-5.919-2.021l.12-.055c4.999-2.252 13.053-4.866 16.95-5.529zM21.437 23.642l-.008.005-.026.019c-.31.212-2.656 1.82-3.472 2.372l-.085.056c-1.33.895-2.426 1.6-3.47 2.222-1.42.848-2.832 1.45-4.019 1.655.554-4.8 5.192-14.39 9.634-19.579 4.333.754 11.602 3.206 16.833 5.537-4.693 1.03-9.017 3.367-15.398 7.72l.002-.002.009-.005zm39.37-13.597c9.848-1.834 16.543-.774 17.914 3.418 1.085 3.318-1.038 8.732-5.625 14.676-.806 1.045-1.71 1.627-2.714 1.832a149.073 149.073 0 0 0-3.228-8.104c-2.199-5.072-4.345-9.177-6.347-11.822zM39.514 0c6.809 0 12.942 2.958 18.357 9.021-5.747 1.298-11.85 3.375-16.669 5.625-.481.225-1.018.47-1.688.774-.67-.303-1.206-.549-1.687-.774-4.803-2.242-10.882-4.313-16.612-5.612C26.74 3.301 33.355 0 39.515 0z"
          fill="#555"
          fillRule="evenodd"
        />
      </svg>
    </div>
    <div
      className="src-shared-components-TopcoderFooter-___style__navi-links___1sLOr"
    >
      <div
        className="src-shared-components-TopcoderFooter-___style__navi-col___1-pus"
      >
        <h4
          className="src-shared-components-TopcoderFooter-___style__navi-col-title___1urDj"
        >
          COMPETE
        </h4>
        <div
          className="src-shared-components-TopcoderFooter-___style__sep-line___37vqm"
        />
        <ul
          className="src-shared-components-TopcoderFooter-___style__navi-col-links___CFs95"
        >
          <li
            className="src-shared-components-TopcoderFooter-___style__link___3-nzm"
          >
            <a
              href="https://www.topcoder-dev.com/challenges"
              target="_self"
            >
              All Challenges
            </a>
          </li>
          <li
            className="src-shared-components-TopcoderFooter-___style__link___3-nzm"
          >
            <a
              href="https://www.topcoder-dev.com/community/arena"
              target="_self"
            >
              Competitive Programming
            </a>
          </li>
          <li
            className="src-shared-components-TopcoderFooter-___style__link___3-nzm"
          >
            <a
              href="https://www.topcoder-dev.com/gigs"
              target="_self"
            >
              Gig Work
            </a>
          </li>
          <li
            className="src-shared-components-TopcoderFooter-___style__link___3-nzm"
          >
            <a
              href="https://www.topcoder-dev.com/community/practice"
              target="_self"
            >
              Practice
            </a>
          </li>
        </ul>
      </div>
      <div
        className="src-shared-components-TopcoderFooter-___style__navi-col___1-pus"
      >
        <h4
          className="src-shared-components-TopcoderFooter-___style__navi-col-title___1urDj"
        >
          TRACKS
        </h4>
        <div
          className="src-shared-components-TopcoderFooter-___style__sep-line___37vqm"
        />
        <ul
          className="src-shared-components-TopcoderFooter-___style__navi-col-links___CFs95"
        >
          <li
            className="src-shared-components-TopcoderFooter-___style__link___3-nzm"
          >
            <a
              href="https://www.topcoder-dev.com/thrive/tracks?track=Competitive%20Programming"
              target="_self"
            >
              Competitive Programming
            </a>
          </li>
          <li
            className="src-shared-components-TopcoderFooter-___style__link___3-nzm"
          >
            <a
              href="https://www.topcoder-dev.com/thrive/tracks?track=Data%20Science&tax="
              target="_self"
            >
              Data Science
            </a>
          </li>
          <li
            className="src-shared-components-TopcoderFooter-___style__link___3-nzm"
          >
            <a
              href="https://www.topcoder-dev.com/thrive/tracks?track=Design&tax="
              target="_self"
            >
              Design
            </a>
          </li>
          <li
            className="src-shared-components-TopcoderFooter-___style__link___3-nzm"
          >
            <a
              href="https://www.topcoder-dev.com/thrive/tracks?track=Development&tax="
              target="_self"
            >
              Development
            </a>
          </li>
          <li
            className="src-shared-components-TopcoderFooter-___style__link___3-nzm"
          >
            <a
              href="https://www.topcoder-dev.com/thrive/tracks?track=QA&tax="
              target="_self"
            >
              QA
            </a>
          </li>
        </ul>
      </div>
      <div
        className="src-shared-components-TopcoderFooter-___style__navi-col___1-pus"
      >
        <h4
          className="src-shared-components-TopcoderFooter-___style__navi-col-title___1urDj"
        >
          COMMUNITY
        </h4>
        <div
          className="src-shared-components-TopcoderFooter-___style__sep-line___37vqm"
        />
        <ul
          className="src-shared-components-TopcoderFooter-___style__navi-col-links___CFs95"
        >
          <li
            className="src-shared-components-TopcoderFooter-___style__link___3-nzm"
          >
            <a
              href="https://www.topcoder-dev.com/blog"
              target="_self"
            >
              Blog
            </a>
          </li>
          <li
            className="src-shared-components-TopcoderFooter-___style__link___3-nzm"
          >
            <a
              href="https://www.topcoder-dev.com/community/events"
              target="_self"
            >
              Events Calendar
            </a>
          </li>
          <li
            className="src-shared-components-TopcoderFooter-___style__link___3-nzm"
          >
            <a
              href="https://vanilla.topcoder-dev.com"
              target="_self"
            >
              Forums
            </a>
          </li>
          <li
            className="src-shared-components-TopcoderFooter-___style__link___3-nzm"
          >
            <a
              href="https://www.topcoder-dev.com/community/member-programs"
              target="_self"
            >
              Programs
            </a>
          </li>
          <li
            className="src-shared-components-TopcoderFooter-___style__link___3-nzm"
          >
            <a
              href="https://www.topcoder-dev.com/community/statistics"
              target="_self"
            >
              Statistics
            </a>
          </li>
          <li
            className="src-shared-components-TopcoderFooter-___style__link___3-nzm"
          >
            <a
              href="https://www.topcoder-dev.com/community/member-programs/topcoder-open"
              target="_self"
            >
              TCO
            </a>
          </li>
          <li
            className="src-shared-components-TopcoderFooter-___style__link___3-nzm"
          >
            <a
              href="https://www.topcoder-dev.com/thrive"
              target="_self"
            >
              Thrive
            </a>
          </li>
          <li
            className="src-shared-components-TopcoderFooter-___style__link___3-nzm"
          >
            <a
              href="https://discord.gg/topcoder"
              target="_blank"
            >
              Join Discord
            </a>
          </li>
        </ul>
      </div>
      <div
        className="src-shared-components-TopcoderFooter-___style__navi-col___1-pus"
      >
        <h4
          className="src-shared-components-TopcoderFooter-___style__navi-col-title___1urDj"
        >
          HELP CENTER
        </h4>
        <div
          className="src-shared-components-TopcoderFooter-___style__sep-line___37vqm"
        />
        <ul
          className="src-shared-components-TopcoderFooter-___style__navi-col-links___CFs95"
        >
          <li
            className="src-shared-components-TopcoderFooter-___style__link___3-nzm"
          >
            <a
              href="https://www.topcoder-dev.com/thrive/tracks?track=Topcoder&tax=Getting%20Paid"
              target="_self"
            >
              Getting Paid
            </a>
          </li>
          <li
            className="src-shared-components-TopcoderFooter-___style__link___3-nzm"
          >
            <a
              href="https://www.topcoder-dev.com/thrive/tracks?track=Topcoder&tax=FAQ"
              target="_self"
            >
              FAQ
            </a>
          </li>
          <li
            className="src-shared-components-TopcoderFooter-___style__link___3-nzm"
          >
            <a
              href="https://www.topcoder-dev.com/thrive/tracks?track=Topcoder"
              target="_self"
            >
              General Info
            </a>
          </li>
          <li
            className="src-shared-components-TopcoderFooter-___style__link___3-nzm"
          >
            <a
              href="mailto:support@topcoder.com"
              target="_self"
            >
              Website Help
            </a>
          </li>
        </ul>
      </div>
      <div
        className="src-shared-components-TopcoderFooter-___style__navi-col___1-pus"
      >
        <h4
          className="src-shared-components-TopcoderFooter-___style__navi-col-title___1urDj"
        >
          ABOUT
        </h4>
        <div
          className="src-shared-components-TopcoderFooter-___style__sep-line___37vqm"
        />
        <ul
          className="src-shared-components-TopcoderFooter-___style__navi-col-links___CFs95"
        >
          <li
            className="src-shared-components-TopcoderFooter-___style__link___3-nzm"
          >
            <a
              href="https://www.topcoder-dev.com/community/contact"
              target="_self"
            >
              Contact Us
            </a>
          </li>
          <li
            className="src-shared-components-TopcoderFooter-___style__link___3-nzm"
          >
            <a
              href="https://accounts-auth0.topcoder-dev.com?utm_source=community&utm_campaign=tc-footer&utm_medium=promotion&retUrl="
              target="_self"
            >
              Join Community
            </a>
          </li>
          <li
            className="src-shared-components-TopcoderFooter-___style__link___3-nzm"
          >
            <a
              href="https://www.topcoder-dev.com/community/learn"
              target="_self"
            >
              About Community
            </a>
          </li>
          <li
            className="src-shared-components-TopcoderFooter-___style__link___3-nzm"
          >
            <a
              href="https://www.topcoder-dev.com/community/changelog"
              target="_self"
            >
              Changelog
            </a>
          </li>
          <li
            className="src-shared-components-TopcoderFooter-___style__link___3-nzm"
          >
            <a
              href="https://www.topcoder-dev.com/contact-us/"
              target="_self"
            >
              Talk to Sales
            </a>
          </li>
        </ul>
      </div>
      <div
        className="src-shared-components-TopcoderFooter-___style__navi-col___1-pus"
      >
        <h4
          className="src-shared-components-TopcoderFooter-___style__navi-col-title___1urDj"
        >
          FOLLOW US
        </h4>
        <div
          className="src-shared-components-TopcoderFooter-___style__sep-line___37vqm"
        />
        <div
          className="src-shared-components-TopcoderFooter-___style__social-icons___3CNGG"
        >
          <a
            href="https://www.facebook.com/topcoder/"
            rel="noopener noreferrer"
            target="_blank"
          >
            <svg
              height="24"
              viewBox="0 0 24 24"
              width="24"
              xmlns="http://www.w3.org/2000/svg"
            >
              <path
                d="M12 2c5.514 0 10 4.486 10 10s-4.486 10-10 10S2 17.514 2 12 6.486 2 12 2zm0-2C5.373 0 0 5.373 0 12s5.373 12 12 12 12-5.373 12-12S18.627 0 12 0zm-2 10H8v2h2v6h3v-6h1.82l.18-2h-2v-.833c0-.478.096-.667.558-.667H15V6h-2.404C10.798 6 10 6.792 10 8.308V10z"
                fill="#AAA"
                fillRule="evenodd"
              />
            </svg>
          </a>
          <a
            href="https://www.youtube.com/c/TopcoderOfficial"
            rel="noopener noreferrer"
            target="_blank"
          >
            <svg
              height="24"
              viewBox="0 0 24 24"
              width="24"
              xmlns="http://www.w3.org/2000/svg"
            >
              <path
                d="M16.23 7.102c-2.002-.136-6.462-.135-8.461 0C5.604 7.25 5.35 8.558 5.333 12c.017 3.436.27 4.75 2.437 4.898 1.999.135 6.459.136 8.461 0 2.165-.148 2.42-1.457 2.437-4.898-.018-3.436-.271-4.75-2.438-4.898zM10 14.222V9.778l4.778 2.218L10 14.222zM12 2c5.514 0 10 4.486 10 10s-4.486 10-10 10S2 17.514 2 12 6.486 2 12 2zm0-2C5.373 0 0 5.373 0 12s5.373 12 12 12 12-5.373 12-12S18.627 0 12 0z"
                fill="#AAA"
                fillRule="evenodd"
              />
            </svg>
          </a>
          <a
            href="https://www.linkedin.com/company/topcoder"
            rel="noopener noreferrer"
            target="_blank"
          >
            <svg
              height="24"
              viewBox="0 0 24 24"
              width="24"
              xmlns="http://www.w3.org/2000/svg"
            >
              <path
                d="M12 2c5.514 0 10 4.486 10 10s-4.486 10-10 10S2 17.514 2 12 6.486 2 12 2zm0-2C5.373 0 0 5.373 0 12s5.373 12 12 12 12-5.373 12-12S18.627 0 12 0zm-2 8c0 .557-.447 1.008-1 1.008-.553 0-1-.45-1-1.008 0-.557.447-1.008 1-1.008.553 0 1 .452 1 1.008zm0 2H8v6h2v-6zm3 0h-2v6h2v-2.861c0-1.722 2.002-1.881 2.002 0V16H17v-3.359c0-3.284-3.128-3.164-4-1.548V10z"
                fill="#AAA"
                fillRule="evenodd"
              />
            </svg>
          </a>
          <a
            href="https://twitter.com/topcoder"
            rel="noopener noreferrer"
            target="_blank"
          >
            <svg
              height="24"
              viewBox="0 0 24 24"
              width="24"
              xmlns="http://www.w3.org/2000/svg"
            >
              <path
                d="M12 2c5.514 0 10 4.486 10 10s-4.486 10-10 10S2 17.514 2 12 6.486 2 12 2zm0-2C5.373 0 0 5.373 0 12s5.373 12 12 12 12-5.373 12-12S18.627 0 12 0zm6.5 8.778a4.928 4.928 0 0 1-1.414.388 2.473 2.473 0 0 0 1.083-1.362 4.926 4.926 0 0 1-1.564.597 2.464 2.464 0 0 0-4.195 2.245 6.993 6.993 0 0 1-5.074-2.572 2.465 2.465 0 0 0 .762 3.287 2.457 2.457 0 0 1-1.114-.308c-.027 1.14.791 2.207 1.975 2.445a2.467 2.467 0 0 1-1.112.042 2.465 2.465 0 0 0 2.3 1.709A4.955 4.955 0 0 1 6.5 16.27a6.963 6.963 0 0 0 3.773 1.106c4.572 0 7.154-3.861 6.998-7.324.482-.346.899-.78 1.229-1.274z"
                fill="#AAA"
                fillRule="evenodd"
              />
            </svg>
          </a>
          <a
            href="https://www.instagram.com/topcoder"
            rel="noopener noreferrer"
            target="_blank"
          >
            <svg
              height="24"
              viewBox="0 0 24 24"
              width="24"
              xmlns="http://www.w3.org/2000/svg"
            >
              <path
                d="M12 2c5.514 0 10 4.486 10 10s-4.486 10-10 10S2 17.514 2 12 6.486 2 12 2zm0-2C5.373 0 0 5.373 0 12s5.373 12 12 12 12-5.373 12-12S18.627 0 12 0zm0 7.082c1.602 0 1.792.006 2.425.035 1.627.074 2.385.845 2.46 2.459.028.633.034.822.034 2.424 0 1.602-.006 1.792-.034 2.424-.075 1.613-.832 2.386-2.46 2.46-.633.028-.822.035-2.425.035-1.602 0-1.792-.006-2.424-.035-1.63-.075-2.385-.849-2.46-2.46-.028-.632-.035-.822-.035-2.424 0-1.602.007-1.792.035-2.424.074-1.615.832-2.386 2.46-2.46.632-.029.822-.034 2.424-.034zM12 6c-1.63 0-1.833.007-2.474.037-2.18.1-3.39 1.309-3.49 3.489C6.007 10.167 6 10.371 6 12c0 1.63.007 1.834.036 2.474.1 2.179 1.31 3.39 3.49 3.49.641.029.844.036 2.474.036 1.63 0 1.834-.007 2.475-.036 2.176-.1 3.391-1.309 3.489-3.49.029-.64.036-.844.036-2.474 0-1.629-.007-1.833-.036-2.474-.098-2.177-1.309-3.39-3.489-3.489C13.834 6.007 13.63 6 12 6zm0 2.919a3.081 3.081 0 1 0 0 6.162 3.081 3.081 0 0 0 0-6.162zM12 14a2 2 0 1 1 0-4 2 2 0 1 1 0 4zm3.202-5.922a.72.72 0 1 0 0 1.44.72.72 0 0 0 0-1.44z"
                fill="#AAA"
                fillRule="evenodd"
              />
            </svg>
          </a>
          <a
            href="https://discord.gg/topcoder"
            rel="noopener noreferrer"
            target="_blank"
          >
            <svg
              height="24"
              viewBox="0 0 24 24"
              width="24"
              xmlns="http://www.w3.org/2000/svg"
            >
              <title>
                Join Topcoder Discord
              </title>
              <g
                fill="#AAA"
                fillRule="evenodd"
              >
                <path
                  d="M12 2c5.514 0 10 4.486 10 10s-4.486 10-10 10S2 17.514 2 12 6.486 2 12 2zm0-2C5.373 0 0 5.373 0 12s5.373 12 12 12 12-5.373 12-12S18.627 0 12 0z"
                />
                <path
                  d="M17.005 7.829A10.65 10.65 0 0 0 14.359 7a.04.04 0 0 0-.043.02c-.114.205-.24.473-.33.683a9.808 9.808 0 0 0-2.971 0 6.938 6.938 0 0 0-.335-.683.042.042 0 0 0-.042-.02 10.62 10.62 0 0 0-2.646.828.038.038 0 0 0-.018.015c-1.685 2.541-2.147 5.02-1.92 7.467a.045.045 0 0 0 .017.031 10.742 10.742 0 0 0 3.246 1.656.042.042 0 0 0 .045-.015c.25-.345.473-.708.664-1.09a.042.042 0 0 0-.022-.058 7.07 7.07 0 0 1-1.014-.488.042.042 0 0 1-.004-.07c.068-.05.136-.105.201-.159a.04.04 0 0 1 .042-.005c2.128.98 4.431.98 6.533 0a.04.04 0 0 1 .043.005c.065.054.133.108.202.16a.042.042 0 0 1-.004.07c-.324.19-.66.352-1.014.487a.042.042 0 0 0-.022.058c.195.382.418.745.663 1.09.01.014.029.02.046.015a10.707 10.707 0 0 0 3.251-1.656.042.042 0 0 0 .017-.03c.271-2.83-.454-5.288-1.922-7.467a.033.033 0 0 0-.017-.016zm-6.483 5.642c-.62 0-1.13-.528-1.13-1.177 0-.648.5-1.176 1.13-1.176.634 0 1.14.532 1.13 1.176 0 .649-.5 1.177-1.13 1.177zm3.956 0c-.62 0-1.13-.528-1.13-1.177 0-.648.5-1.176 1.13-1.176.635 0 1.14.532 1.13 1.176 0 .649-.495 1.177-1.13 1.177z"
                  fillRule="nonzero"
                />
              </g>
            </svg>
          </a>
        </div>
      </div>
    </div>
    <div
      className="src-shared-components-TopcoderFooter-___style__sep-line___37vqm"
    />
    <div
      className="src-shared-components-TopcoderFooter-___style__mobile-navi___3lOj1"
    >
      <div
        className="src-shared-components-TopcoderFooter-___style__mobile-navi-col___3BcW4"
      >
        <a
          href="https://www.topcoder-dev.com/challenges"
        >
          COMPETE
        </a>
        <a
          href="https://www.topcoder-dev.com/thrive"
        >
          TRACKS
        </a>
      </div>
      <div
        className="src-shared-components-TopcoderFooter-___style__mobile-navi-col___3BcW4"
      >
        <a
          href="https://www.topcoder-dev.com/community/learn"
        >
          COMMUNITY
        </a>
        <a
          href="https://www.topcoder-dev.com/thrive/tracks?track=Topcoder&tax=Help%20Articles"
        >
          HELP CENTER
        </a>
      </div>
      <div
        className="src-shared-components-TopcoderFooter-___style__mobile-navi-col___3BcW4"
      >
        <a
          href="https://www.topcoder-dev.com/community/contact"
        >
          Contact Us
        </a>
      </div>
    </div>
    <div
      className="src-shared-components-TopcoderFooter-___style__mobile-only___6RuB2 src-shared-components-TopcoderFooter-___style__social-icons___3CNGG"
    >
      <a
        href="https://www.facebook.com/topcoder/"
        rel="noopener noreferrer"
        target="_blank"
      >
        <svg
          height="24"
          viewBox="0 0 24 24"
          width="24"
          xmlns="http://www.w3.org/2000/svg"
        >
          <path
            d="M12 2c5.514 0 10 4.486 10 10s-4.486 10-10 10S2 17.514 2 12 6.486 2 12 2zm0-2C5.373 0 0 5.373 0 12s5.373 12 12 12 12-5.373 12-12S18.627 0 12 0zm-2 10H8v2h2v6h3v-6h1.82l.18-2h-2v-.833c0-.478.096-.667.558-.667H15V6h-2.404C10.798 6 10 6.792 10 8.308V10z"
            fill="#AAA"
            fillRule="evenodd"
          />
        </svg>
      </a>
      <a
        href="https://www.youtube.com/c/TopcoderOfficial"
        rel="noopener noreferrer"
        target="_blank"
      >
        <svg
          height="24"
          viewBox="0 0 24 24"
          width="24"
          xmlns="http://www.w3.org/2000/svg"
        >
          <path
            d="M16.23 7.102c-2.002-.136-6.462-.135-8.461 0C5.604 7.25 5.35 8.558 5.333 12c.017 3.436.27 4.75 2.437 4.898 1.999.135 6.459.136 8.461 0 2.165-.148 2.42-1.457 2.437-4.898-.018-3.436-.271-4.75-2.438-4.898zM10 14.222V9.778l4.778 2.218L10 14.222zM12 2c5.514 0 10 4.486 10 10s-4.486 10-10 10S2 17.514 2 12 6.486 2 12 2zm0-2C5.373 0 0 5.373 0 12s5.373 12 12 12 12-5.373 12-12S18.627 0 12 0z"
            fill="#AAA"
            fillRule="evenodd"
          />
        </svg>
      </a>
      <a
        href="https://www.linkedin.com/company/topcoder"
        rel="noopener noreferrer"
        target="_blank"
      >
        <svg
          height="24"
          viewBox="0 0 24 24"
          width="24"
          xmlns="http://www.w3.org/2000/svg"
        >
          <path
            d="M12 2c5.514 0 10 4.486 10 10s-4.486 10-10 10S2 17.514 2 12 6.486 2 12 2zm0-2C5.373 0 0 5.373 0 12s5.373 12 12 12 12-5.373 12-12S18.627 0 12 0zm-2 8c0 .557-.447 1.008-1 1.008-.553 0-1-.45-1-1.008 0-.557.447-1.008 1-1.008.553 0 1 .452 1 1.008zm0 2H8v6h2v-6zm3 0h-2v6h2v-2.861c0-1.722 2.002-1.881 2.002 0V16H17v-3.359c0-3.284-3.128-3.164-4-1.548V10z"
            fill="#AAA"
            fillRule="evenodd"
          />
        </svg>
      </a>
      <a
        href="https://twitter.com/topcoder"
        rel="noopener noreferrer"
        target="_blank"
      >
        <svg
          height="24"
          viewBox="0 0 24 24"
          width="24"
          xmlns="http://www.w3.org/2000/svg"
        >
          <path
            d="M12 2c5.514 0 10 4.486 10 10s-4.486 10-10 10S2 17.514 2 12 6.486 2 12 2zm0-2C5.373 0 0 5.373 0 12s5.373 12 12 12 12-5.373 12-12S18.627 0 12 0zm6.5 8.778a4.928 4.928 0 0 1-1.414.388 2.473 2.473 0 0 0 1.083-1.362 4.926 4.926 0 0 1-1.564.597 2.464 2.464 0 0 0-4.195 2.245 6.993 6.993 0 0 1-5.074-2.572 2.465 2.465 0 0 0 .762 3.287 2.457 2.457 0 0 1-1.114-.308c-.027 1.14.791 2.207 1.975 2.445a2.467 2.467 0 0 1-1.112.042 2.465 2.465 0 0 0 2.3 1.709A4.955 4.955 0 0 1 6.5 16.27a6.963 6.963 0 0 0 3.773 1.106c4.572 0 7.154-3.861 6.998-7.324.482-.346.899-.78 1.229-1.274z"
            fill="#AAA"
            fillRule="evenodd"
          />
        </svg>
      </a>
      <a
        href="https://www.instagram.com/topcoder"
        rel="noopener noreferrer"
        target="_blank"
      >
        <svg
          height="24"
          viewBox="0 0 24 24"
          width="24"
          xmlns="http://www.w3.org/2000/svg"
        >
          <path
            d="M12 2c5.514 0 10 4.486 10 10s-4.486 10-10 10S2 17.514 2 12 6.486 2 12 2zm0-2C5.373 0 0 5.373 0 12s5.373 12 12 12 12-5.373 12-12S18.627 0 12 0zm0 7.082c1.602 0 1.792.006 2.425.035 1.627.074 2.385.845 2.46 2.459.028.633.034.822.034 2.424 0 1.602-.006 1.792-.034 2.424-.075 1.613-.832 2.386-2.46 2.46-.633.028-.822.035-2.425.035-1.602 0-1.792-.006-2.424-.035-1.63-.075-2.385-.849-2.46-2.46-.028-.632-.035-.822-.035-2.424 0-1.602.007-1.792.035-2.424.074-1.615.832-2.386 2.46-2.46.632-.029.822-.034 2.424-.034zM12 6c-1.63 0-1.833.007-2.474.037-2.18.1-3.39 1.309-3.49 3.489C6.007 10.167 6 10.371 6 12c0 1.63.007 1.834.036 2.474.1 2.179 1.31 3.39 3.49 3.49.641.029.844.036 2.474.036 1.63 0 1.834-.007 2.475-.036 2.176-.1 3.391-1.309 3.489-3.49.029-.64.036-.844.036-2.474 0-1.629-.007-1.833-.036-2.474-.098-2.177-1.309-3.39-3.489-3.489C13.834 6.007 13.63 6 12 6zm0 2.919a3.081 3.081 0 1 0 0 6.162 3.081 3.081 0 0 0 0-6.162zM12 14a2 2 0 1 1 0-4 2 2 0 1 1 0 4zm3.202-5.922a.72.72 0 1 0 0 1.44.72.72 0 0 0 0-1.44z"
            fill="#AAA"
            fillRule="evenodd"
          />
        </svg>
      </a>
      <a
        href="https://discord.gg/topcoder"
        rel="noopener noreferrer"
        target="_blank"
      >
        <svg
          height="24"
          viewBox="0 0 24 24"
          width="24"
          xmlns="http://www.w3.org/2000/svg"
        >
          <title>
            Join Topcoder Discord
          </title>
          <g
            fill="#AAA"
            fillRule="evenodd"
          >
            <path
              d="M12 2c5.514 0 10 4.486 10 10s-4.486 10-10 10S2 17.514 2 12 6.486 2 12 2zm0-2C5.373 0 0 5.373 0 12s5.373 12 12 12 12-5.373 12-12S18.627 0 12 0z"
            />
            <path
              d="M17.005 7.829A10.65 10.65 0 0 0 14.359 7a.04.04 0 0 0-.043.02c-.114.205-.24.473-.33.683a9.808 9.808 0 0 0-2.971 0 6.938 6.938 0 0 0-.335-.683.042.042 0 0 0-.042-.02 10.62 10.62 0 0 0-2.646.828.038.038 0 0 0-.018.015c-1.685 2.541-2.147 5.02-1.92 7.467a.045.045 0 0 0 .017.031 10.742 10.742 0 0 0 3.246 1.656.042.042 0 0 0 .045-.015c.25-.345.473-.708.664-1.09a.042.042 0 0 0-.022-.058 7.07 7.07 0 0 1-1.014-.488.042.042 0 0 1-.004-.07c.068-.05.136-.105.201-.159a.04.04 0 0 1 .042-.005c2.128.98 4.431.98 6.533 0a.04.04 0 0 1 .043.005c.065.054.133.108.202.16a.042.042 0 0 1-.004.07c-.324.19-.66.352-1.014.487a.042.042 0 0 0-.022.058c.195.382.418.745.663 1.09.01.014.029.02.046.015a10.707 10.707 0 0 0 3.251-1.656.042.042 0 0 0 .017-.03c.271-2.83-.454-5.288-1.922-7.467a.033.033 0 0 0-.017-.016zm-6.483 5.642c-.62 0-1.13-.528-1.13-1.177 0-.648.5-1.176 1.13-1.176.634 0 1.14.532 1.13 1.176 0 .649-.5 1.177-1.13 1.177zm3.956 0c-.62 0-1.13-.528-1.13-1.177 0-.648.5-1.176 1.13-1.176.635 0 1.14.532 1.13 1.176 0 .649-.495 1.177-1.13 1.177z"
              fillRule="nonzero"
            />
          </g>
        </svg>
      </a>
    </div>
    <div
      className="src-shared-components-TopcoderFooter-___style__bottom___JLB31"
    >
      <span
        className="src-shared-components-TopcoderFooter-___style__copyright-notice___24f5v"
      >
        © 2022 Topcoder
        <a
          className="src-shared-components-TopcoderFooter-___style__link___3-nzm"
          href="https://www.topcoder-dev.com/policy"
        >
          Policies
        </a>
      </span>
    </div>
  </div>
</div>
`;
