// Jest Snapshot v1, https://goo.gl/fbAQLP

exports[`Default render 1`] = `
<div
  className="src-shared-components-Header-___style__nav-header-wrapper___3oH9J"
>
  <TopNav
    loggedIn={true}
    logo={
      <Logo
        fill="none"
        height="39"
        viewBox="0 0 162 39"
        width="162"
        xmlns="http://www.w3.org/2000/svg"
      />
    }
    menu={
      Array [
        Object {
          "href": "https://www.topcoder-qa.com?ref=nav",
          "id": "business",
          "title": "BUSINESS",
        },
        Object {
          "id": "community",
          "secondaryMenu": Array [
            Object {
              "href": "/home?ref=nav",
              "id": "home",
              "logged": true,
              "title": "Home",
            },
            Object {
              "href": "/members/willFilledByUserName?ref=nav",
              "id": "myprofile",
              "logged": true,
              "title": "My Profile",
            },
            Object {
              "href": "https://community.topcoder-qa.com/PactsMemberServlet?module=PaymentHistory&full_list=false&ref=nav",
              "logged": true,
              "openNewTab": true,
              "title": "Payments",
            },
            Object {
              "href": "/community/learn?ref=nav",
              "logged": false,
              "title": "Overview",
            },
            Object {
              "href": "/thrive/tracks?track=Topcoder&ref=nav",
              "logged": false,
              "title": "How It Works",
            },
          ],
          "subMenu": Array [
            Object {
              "subMenu": Array [
                Object {
                  "href": "/challenges?ref=nav",
                  "title": "All Challenges",
                },
                Object {
                  "href": "/community/arena?ref=nav",
                  "title": "Competitive Programming",
                },
                Object {
                  "href": "/gigs?ref=nav",
                  "title": "Gig Work",
                },
                Object {
                  "href": "/community/practice?ref=nav",
                  "title": "Practice",
                },
              ],
              "title": "Compete",
            },
            Object {
              "subMenu": Array [
                Object {
                  "href": "/thrive/tracks?track=Competitive%20Programming&ref=nav",
                  "title": "Competitive Programming",
                },
                Object {
                  "href": "/thrive/tracks?track=Data%20Science&ref=nav",
                  "title": "Data Science",
                },
                Object {
                  "href": "/thrive/tracks?track=Design&ref=nav",
                  "title": "Design",
                },
                Object {
                  "href": "/thrive/tracks?track=Development&ref=nav",
                  "title": "Development",
                },
                Object {
                  "href": "/thrive/tracks?track=QA&ref=nav",
                  "title": "QA",
                },
              ],
              "title": "Tracks",
            },
            Object {
              "subMenu": Array [
                Object {
                  "href": "/community/member-programs/topcoder-open?ref=nav",
                  "title": "TCO",
                },
                Object {
                  "href": "/community/member-programs?ref=nav",
                  "title": "Programs",
                },
                Object {
                  "href": "https://discussions.topcoder-qa.com?ref=nav",
                  "title": "Forums",
                },
                Object {
                  "href": "/community/statistics?ref=nav",
                  "title": "Statistics",
                },
                Object {
                  "href": "https://www.topcoder-qa.com/blog?ref=nav",
                  "openNewTab": true,
                  "title": "Blog",
                },
                Object {
                  "href": "/thrive?ref=nav",
                  "title": "Thrive",
                },
              ],
              "title": "Explore",
            },
            Object {
              "href": "https://discord.gg/topcoder?ref=nav",
              "openNewTab": true,
              "title": "Discord",
            },
            Object {
              "href": "https://platform-ui.topcoder-qa.com/learn",
              "openNewTab": true,
              "title": "Learn",
            },
          ],
          "title": "COMMUNITY",
        },
      ]
    }
    onChangeLevel1Id={[Function]}
    openMore={true}
    profileHandle="huanner"
    rightMenu={
      <LoginNav
        accountMenu={
          Array [
            Object {
              "href": "/settings/profile?ref=nav",
              "title": "Settings",
            },
            Object {
              "separator": true,
            },
            Object {
              "href": "https://www.topcoder-qa.com/thrive/tracks?track=Topcoder&tax=Help%20Articles&ref=nav",
              "title": "Help",
            },
            Object {
              "separator": true,
            },
            Object {
              "href": "https://www.topcoder-qa.com/logout?ref=nav",
              "title": "Log Out",
            },
          ]
        }
        auth={null}
        authURLs={
          Object {
            "href": "https://accounts-auth0.topcoder-qa.com?utm_source=community-app-main",
            "location": "https://accounts-auth0.topcoder-qa.com?retUrl=%S&utm_source=community-app-main",
          }
        }
        loggedIn={true}
        notificationButtonState="new"
        notifications={Array []}
        onMenuOpen={[Function]}
        onSwitch={[Function]}
        profile={
          Object {
            "description": "devxxxxxx",
            "email": "liwanxiang@gmail.com",
            "handle": "huanner",
            "photoURL": "https://d1aahxkjiobka8.cloudfront.net/avatar/https%3A%2F%2Ftopcoder-dev-media.s3.amazonaws.com%2Fmember%2Fprofile%2Fhuanner-1552562543506.png?size=32",
          }
        }
        showNotification={true}
        switchText={
          Object {
            "href": "https://connect.topcoder-qa.com?ref=nav",
            "title": "Switch to BUSINESS",
          }
        }
        tracking={
          Object {
            "default": undefined,
            "event": [Function],
            "init": [Function],
            "pageView": [Function],
          }
        }
      />
    }
    setOpenMore={[Function]}
    theme="light"
    tracking={
      Object {
        "default": undefined,
        "event": [Function],
        "init": [Function],
        "pageView": [Function],
      }
    }
  />
</div>
`;
