// Jest Snapshot v1, https://goo.gl/fbAQLP

exports[`Snapshot match 1`] = `null`;

exports[`Snapshot match 2`] = `null`;
